Validated 1 threatmodels in 1 files
Invariant violation [error] 'externals_have_trust_zones': external_element 'Google Analytics' in threatmodel 'tm5 one' (./testdata/tm5.hcl): external element 'Google Analytics' in diagram 'new dfd' has no trust zone
Invariant violation [error] 'externals_have_trust_zones': external_element 'Google Analytics' in threatmodel 'tm5 one' (./testdata/tm5.hcl): external element 'Google Analytics' in diagram 'Legacy DFD' has no trust zone
Invariant violation [warning] 'flows_declare_protocol': flow 'https' in threatmodel 'tm5 one' (./testdata/tm5.hcl): flow 'https' (Client -> Google Analytics) in diagram 'Legacy DFD' has no protocol
Invariant violation [warning] 'flows_declare_protocol': flow 'TCP' in threatmodel 'tm5 one' (./testdata/tm5.hcl): flow 'TCP' (Web Server -> Logs) in diagram 'Legacy DFD' has no protocol
Invariant violation [warning] 'flows_declare_protocol': flow 'https' in threatmodel 'tm5 one' (./testdata/tm5.hcl): flow 'https' (Client -> Web Server) in diagram 'Legacy DFD' has no protocol
Invariant violation [warning] 'flows_declare_protocol': flow 'https' in threatmodel 'tm5 one' (./testdata/tm5.hcl): flow 'https' (Web Server -> sqlite) in diagram 'Legacy DFD' has no protocol
Invariant violation [warning] 'flows_declare_protocol': flow 'https' in threatmodel 'tm5 one' (./testdata/tm5.hcl): flow 'https' (sqlite -> Web Server) in diagram 'Legacy DFD' has no protocol
Checked 3 invariants against 1 threatmodels: 2 errors, 5 warnings, 0 exemptions
